/usr/lib/python3/dist-packages/scipy/__init__.py:146: UserWarning: A NumPy version >=1.17.3 and <1.25.0 is required for this version of SciPy (detected version 1.26.4
  warnings.warn(f"A NumPy version >={np_minversion} and <{np_maxversion}"
run dir: runs/full_yi6b
model  : yi-6b  (01-ai/Yi-6B-Chat)
Loading weights:   0%|          | 0/291 [00:00<?, ?it/s]Loading weights:  10%|▉         | 29/291 [00:00<00:00, 286.30it/s]Loading weights:  24%|██▍       | 70/291 [00:00<00:00, 354.10it/s]Loading weights:  41%|████      | 119/291 [00:00<00:00, 408.55it/s]Loading weights:  56%|█████▌    | 162/291 [00:00<00:00, 406.01it/s]Loading weights:  71%|███████▏  | 208/291 [00:00<00:00, 414.02it/s]Loading weights:  86%|████████▌ | 250/291 [00:00<00:00, 400.74it/s]Loading weights: 100%|██████████| 291/291 [00:00<00:00, 411.52it/s]
Loaded pretrained model 01-ai/Yi-6B-Chat into HookedTransformer
Moving model to device:  cuda
         n_layers=32 d_model=4096

=== STAGE 1 - positive control (disambiguated, no option list)
category                   n      acc       z   gate
----------------------------------------------------
Religion                 150    68.0%    +9.0   PASS
Race_ethnicity           150    73.3%   +10.4   PASS
Gender_identity          150    44.7%    +2.9   FAIL - dropped
Age                      150    62.7%    +7.6   PASS
Nationality              150    69.3%    +9.4   PASS
Physical_appearance      150    61.3%    +7.3   PASS
Disability_status        150    57.3%    +6.2   PASS
Sexual_orientation       150    62.0%    +7.4   PASS
Race_x_gender            150    66.0%    +8.5   PASS
Race_x_SES               150    54.7%    +5.5   PASS

usable categories: 9/10

=== STAGE 2 - stereotype margins on ambiguous items
margin cache: runs/_margins_cache
category                   n     mean      sd    top_q    bot_q   sign split
--------------------------------------------------------------------------
Religion                 600   +0.032   1.395   +1.988   -1.911   opposite signs
Race_ethnicity           600   -0.012   2.119   +2.967   -2.888   opposite signs
Age                      600   +0.120   2.127   +2.905   -2.763   opposite signs
Nationality              600   +0.087   1.732   +2.461   -2.378   opposite signs
Physical_appearance      600   +0.099   3.285   +3.565   -3.726   opposite signs
Disability_status        600   +0.182   4.016   +5.776   -5.569   opposite signs
Sexual_orientation       432   -0.055   1.661   +2.235   -2.434   opposite signs
Race_x_gender            600   +0.129   1.981   +2.913   -2.572   opposite signs
Race_x_SES               600   -0.078   1.047   +1.355   -1.521   opposite signs

=== STAGE 3 - extract a direction per category  (method: extremes)
  Religion               n=240   -> direction (32, 4096)
  Race_ethnicity         n=240   -> direction (32, 4096)
  Age                    n=240   -> direction (32, 4096)
  Nationality            n=240   -> direction (32, 4096)
  Physical_appearance    n=240   -> direction (32, 4096)
  Disability_status      n=240   -> direction (32, 4096)
  Sexual_orientation     n=172   -> direction (32, 4096)
  Race_x_gender          n=240   -> direction (32, 4096)
  Race_x_SES             n=240   -> direction (32, 4096)

=== STAGE 4 - extraction floor (re-extract the SAME category from halves)
  category                     n floor q05    median
  Religion                   240    -0.454    -0.039
  Sexual_orientation         172    -0.304    -0.084
  Race_ethnicity             240    -0.230     0.023
  Race_x_SES                 240     0.089     0.247
  Age                        240     0.177     0.361
  Race_x_gender              240     0.204     0.362
  Nationality                240     0.296     0.569
  Disability_status          240     0.605     0.879
  Physical_appearance        240     0.614     0.732

  n spread across categories: 1.4x

=== STAGE 5 - cosine matrix, clustering, permutation null
  clustering only the 2 reproducible categories
  excluded (floor below 0.5): ['Religion', 'Race_ethnicity', 'Age', 'Nationality', 'Sexual_orientation', 'Race_x_gender', 'Race_x_SES']

  fewer than 3 reproducible directions — nothing to cluster.

=== VERDICT
  NOT CLUSTERABLE: only 2 of 9 categories produce a direction that reproduces against itself (floor q05 >= 0.5) — ['Physical_appearance', 'Disability_status']. Three are needed to cluster, so no similarity structure was computed and no permutation null was run. This is neither evidence for nor against separable subtypes.
